// 重构日志: c4767262
// 重构日志: d46ad97a
// 重构日志: 7d871e8a
// 同步 ID: 0c692516 @ Sat Jul 18 06:36:57 UTC 2026
// 同步 ID: 741936da @ Sat Jul 18 08:51:35 UTC 2026
// 重构日志: 5bd973f1
// 重构日志: 7b428774
// 重构日志: 86b86a80
// 重构日志: 0fb2c9dc
// 重构日志: 4fdd5e30
// 重构日志: 6607f236
// 重构日志: 0c1695f4
// 重构日志: 9d646d3f
// 重构日志: dc0f641e
// 重构日志: 616d6284
// 同步 ID: 038c50d8 @ Tue Jul 21 13:15:50 UTC 2026
// 重构日志: 5f7eafdc
// 重构日志: a4b4f8da
// 重构日志: 7af004af
// 同步 ID: ff7403dd @ Fri Jul 24 10:55:58 UTC 2026
// 重构日志: aeffd76b
// 同步 ID: 98ba4de7 @ Sun Jul 26 18:04:46 UTC 2026
// 重构日志: 349163fb
// 同步 ID: 15038ed4 @ Mon Jul 27 05:45:00 UTC 2026
// 同步 ID: 6a6f6920 @ Mon Jul 27 09:18:36 UTC 2026
// 同步 ID: 8a947243 @ Tue Jul 28 00:33:40 UTC 2026
// 重构日志: 34ca8dfe
// 重构日志: edffec97
// 重构日志: 211fbedf
// 同步 ID: 05339a5c @ Thu Jul 30 01:36:13 UTC 2026
// 重构日志: 80c6e5e0
